Power Analyzer report for RISCV_FINAL_32bit
Sun Jun 04 21:18:58 2023
Quartus Prime Version 20.1.0 Build 711 06/05/2020 SJ Standard Edition


---------------------
; Table of Contents ;
---------------------
  1. Legal Notice
  2. Parallel Compilation
  3. Power Analyzer Summary
  4. Power Analyzer Settings
  5. Indeterminate Toggle Rates
  6. Operating Conditions Used
  7. Thermal Power Dissipation by Block
  8. Thermal Power Dissipation by Block Type
  9. Thermal Power Dissipation by Hierarchy
 10. Core Dynamic Thermal Power Dissipation by Clock Domain
 11. Current Drawn from Voltage Supplies Summary
 12. VCCIO Supply Current Drawn by I/O Bank
 13. VCCIO Supply Current Drawn by Voltage
 14. VCCPD Supply Current Drawn by I/O Bank
 15. VCCPD Supply Current Drawn by Voltage
 16. Confidence Metric Details
 17. Signal Activities
 18. Power Analyzer Messages



----------------
; Legal Notice ;
----------------
Copyright (C) 2020  Intel Corporation. All rights reserved.
Your use of Intel Corporation's design tools, logic functions 
and other software and tools, and any partner logic 
functions, and any output files from any of the foregoing 
(including device programming or simulation files), and any 
associated documentation or information are expressly subject 
to the terms and conditions of the Intel Program License 
Subscription Agreement, the Intel Quartus Prime License Agreement,
the Intel FPGA IP License Agreement, or other applicable license
agreement, including, without limitation, that your use is for
the sole purpose of programming logic devices manufactured by
Intel and sold by Intel or its authorized distributors.  Please
refer to the applicable agreement for further details, at
https://fpgasoftware.intel.com/eula.



+------------------------------------------+
; Parallel Compilation                     ;
+----------------------------+-------------+
; Processors                 ; Number      ;
+----------------------------+-------------+
; Number detected on machine ; 16          ;
; Maximum allowed            ; 8           ;
;                            ;             ;
; Average used               ; 1.78        ;
; Maximum used               ; 8           ;
;                            ;             ;
; Usage by Processor         ; % Time Used ;
;     Processor 1            ; 100.0%      ;
;     Processor 2            ;  11.2%      ;
;     Processor 3            ;  11.2%      ;
;     Processor 4            ;  11.2%      ;
;     Processor 5            ;  11.2%      ;
;     Processor 6            ;  11.2%      ;
;     Processor 7            ;  11.2%      ;
;     Processor 8            ;  11.2%      ;
+----------------------------+-------------+


+-------------------------------------------------------------------------------------------+
; Power Analyzer Summary                                                                    ;
+----------------------------------------+--------------------------------------------------+
; Power Analyzer Status                  ; Successful - Sun Jun 04 21:18:58 2023            ;
; Quartus Prime Version                  ; 20.1.0 Build 711 06/05/2020 SJ Standard Edition  ;
; Revision Name                          ; RISCV_FINAL_32bit                                ;
; Top-level Entity Name                  ; RISCV_FINAL_32bit                                ;
; Family                                 ; Cyclone V                                        ;
; Device                                 ; 5CSEMA5F31C6                                     ;
; Power Models                           ; Final                                            ;
; Total Thermal Power Dissipation        ; 502.50 mW                                        ;
; Core Dynamic Thermal Power Dissipation ; 28.97 mW                                         ;
; Core Static Thermal Power Dissipation  ; 411.80 mW                                        ;
; I/O Thermal Power Dissipation          ; 61.74 mW                                         ;
; Power Estimation Confidence            ; Low: user provided insufficient toggle rate data ;
+----------------------------------------+--------------------------------------------------+


+--------------------------------------------------------------------------------------------------------------------------+
; Power Analyzer Settings                                                                                                  ;
+------------------------------------------------------------------+---------------------------------------+---------------+
; Option                                                           ; Setting                               ; Default Value ;
+------------------------------------------------------------------+---------------------------------------+---------------+
; Use smart compilation                                            ; Off                                   ; Off           ;
; Enable parallel Assembler and Timing Analyzer during compilation ; On                                    ; On            ;
; Enable compact report table                                      ; Off                                   ; Off           ;
; Default Power Input I/O Toggle Rate                              ; 12.5%                                 ; 12.5%         ;
; Preset Cooling Solution                                          ; 23 MM HEAT SINK WITH 200 LFPM AIRFLOW ;               ;
; Board thermal model                                              ; None (CONSERVATIVE)                   ;               ;
; Default Power Toggle Rate                                        ; 12.5%                                 ; 12.5%         ;
; Use vectorless estimation                                        ; On                                    ; On            ;
; Use Input Files                                                  ; Off                                   ; Off           ;
; Filter Glitches in VCD File Reader                               ; On                                    ; On            ;
; Power Analyzer Report Signal Activity                            ; Off                                   ; Off           ;
; Power Analyzer Report Power Dissipation                          ; Off                                   ; Off           ;
; Device Power Characteristics                                     ; TYPICAL                               ; TYPICAL       ;
; Automatically Compute Junction Temperature                       ; On                                    ; On            ;
; Specified Junction Temperature                                   ; 25                                    ; 25            ;
; Ambient Temperature                                              ; 25                                    ; 25            ;
; Use Custom Cooling Solution                                      ; Off                                   ; Off           ;
; Board Temperature                                                ; 25                                    ; 25            ;
; Enable HPS                                                       ; Off                                   ; Off           ;
; Processor Frequency                                              ; 0.0                                   ; 0.0           ;
+------------------------------------------------------------------+---------------------------------------+---------------+


+------------------------------------------+
; Indeterminate Toggle Rates               ;
+------------+-----------------------------+
; Node       ; Reason                      ;
+------------+-----------------------------+
; KEY[1]     ; No valid clock domain found ;
; KEY[2]     ; No valid clock domain found ;
; KEY[3]     ; No valid clock domain found ;
; GPIO_0[32] ; No valid clock domain found ;
; GPIO_0[33] ; No valid clock domain found ;
; GPIO_0[34] ; No valid clock domain found ;
; GPIO_1[32] ; No valid clock domain found ;
; GPIO_1[33] ; No valid clock domain found ;
; GPIO_1[34] ; No valid clock domain found ;
; GPIO_1[35] ; No valid clock domain found ;
+------------+-----------------------------+


+-------------------------------------------------------------------------+
; Operating Conditions Used                                               ;
+---------------------------------------------+---------------------------+
; Setting                                     ; Value                     ;
+---------------------------------------------+---------------------------+
; Device power characteristics                ; Typical                   ;
;                                             ;                           ;
; Voltages                                    ;                           ;
;     VCC                                     ; 1.10 V                    ;
;     VCCA_FPLL                               ; 2.50 V                    ;
;     VCCPGM                                  ; 1.80 V                    ;
;     VCCBAT                                  ; 1.20 V                    ;
;     VCCE_GXB                                ; 1.10 V                    ;
;     VCCL_GXB                                ; 1.10 V                    ;
;     VCCH_GXB                                ; 2.50 V                    ;
;     VCCAUX                                  ; 2.50 V                    ;
;     VCC_HPS                                 ; 1.10 V                    ;
;     VCCRSTCLK_HPS                           ; 1.80 V                    ;
;     VCCPLL_HPS                              ; 2.50 V                    ;
;     VCCAUX_SHARED                           ; 2.50 V                    ;
;     3.3-V LVTTL I/O Standard                ; 3.3 V                     ;
;                                             ;                           ;
; Auto computed junction temperature          ; 27.3 degrees Celsius      ;
;     Ambient temperature                     ; 25.0 degrees Celsius      ;
;     Junction-to-Case thermal resistance     ; 2.30 degrees Celsius/Watt ;
;     Case-to-Heat Sink thermal resistance    ; 0.10 degrees Celsius/Watt ;
;     Heat Sink-to-Ambient thermal resistance ; 2.10 degrees Celsius/Watt ;
;                                             ;                           ;
; Board model used                            ; None                      ;
+---------------------------------------------+---------------------------+


+----------------------------------------------------------------------------------------------------------------------------------------------+
; Thermal Power Dissipation by Block                                                                                                           ;
+------------+------------+---------------------+-----------------------------+--------------------------------+-------------------------------+
; Block Name ; Block Type ; Total Thermal Power ; Block Thermal Dynamic Power ; Block Thermal Static Power (1) ; Routing Thermal Dynamic Power ;
+------------+------------+---------------------+-----------------------------+--------------------------------+-------------------------------+
(1) The "Thermal Power Dissipation by Block" Table has been hidden. To show this table, please select the "Write power dissipation by block to report file" option under "PowerPlay Power Analyzer Settings".


+-------------------------------------------------------------------------------------------------------------------------------------------------------------------------------------------------------------------+
; Thermal Power Dissipation by Block Type                                                                                                                                                                           ;
+--------------------+-----------------------------------+-----------------------------+--------------------------------+-------------------------------+-----------------------------------------------------------+
; Block Type         ; Total Thermal Power by Block Type ; Block Thermal Dynamic Power ; Block Thermal Static Power (1) ; Routing Thermal Dynamic Power ; Block Average Toggle Rate (millions of transitions / sec) ;
+--------------------+-----------------------------------+-----------------------------+--------------------------------+-------------------------------+-----------------------------------------------------------+
; M10K block         ; 3.91 mW                           ; 3.78 mW                     ; --                             ; 0.13 mW                       ;    4.750                                                  ;
; DSP block          ; 2.58 mW                           ; 2.51 mW                     ; --                             ; 0.06 mW                       ;    6.406                                                  ;
; Combinational cell ; 6.38 mW                           ; 3.21 mW                     ; --                             ; 3.16 mW                       ;    6.452                                                  ;
; Clock enable block ; 3.69 mW                           ; 0.00 mW                     ; --                             ; 3.69 mW                       ;  152.010                                                  ;
; Register cell      ; 12.20 mW                          ; 7.74 mW                     ; --                             ; 4.46 mW                       ;    9.501                                                  ;
; I/O                ; 53.53 mW                          ; 46.57 mW                    ; 6.74 mW                        ; 0.22 mW                       ;   10.118                                                  ;
+--------------------+-----------------------------------+-----------------------------+--------------------------------+-------------------------------+-----------------------------------------------------------+
(1) The "Block Thermal Static Power" for all block types except Pins and the Voltage Regulator, if one exists, is part of the "Core Static Thermal Power Dissipation" value found on the PowerPlay Power Analyzer-->Summary report panel. The "Core Static Thermal Power Dissipation" also contains the thermal static power dissipated by the routing.


+------------------------------------------------------------------------------------------------------------------------------------------------------------------------------------------------------------------------------------------------------------------------------------+
; Thermal Power Dissipation by Hierarchy                                                                                                                                                                                                                                             ;
+---------------------------------------------+--------------------------------------+---------------------------------+-----------------------------------+-----------------------------------+-------------------------------------------------------------------------------------+
; Compilation Hierarchy Node                  ; Total Thermal Power by Hierarchy (1) ; Block Thermal Dynamic Power (1) ; Block Thermal Static Power (1)(2) ; Routing Thermal Dynamic Power (1) ; Full Hierarchy Name                                                                 ;
+---------------------------------------------+--------------------------------------+---------------------------------+-----------------------------------+-----------------------------------+-------------------------------------------------------------------------------------+
; |RISCV_FINAL_32bit                          ; 82.28 mW (74.99 mW)                  ; 63.82 mW (57.15 mW)             ; 6.74 mW (6.74 mW)                 ; 11.72 mW (11.10 mW)               ; |RISCV_FINAL_32bit                                                                  ;
;     |RISCVALU:ALU                           ; 3.22 mW (3.22 mW)                    ; 2.80 mW (2.80 mW)               ; --                                ; 0.42 mW (0.42 mW)                 ; |RISCV_FINAL_32bit|RISCVALU:ALU                                                     ;
;     |ALUControl:ALUControl                  ; 0.02 mW (0.02 mW)                    ; 0.01 mW (0.01 mW)               ; --                                ; 0.01 mW (0.01 mW)                 ; |RISCV_FINAL_32bit|ALUControl:ALUControl                                            ;
;     |RAM:D_Memory                           ; 3.35 mW (0.00 mW)                    ; 3.30 mW (0.00 mW)               ; --                                ; 0.05 mW (0.00 mW)                 ; |RISCV_FINAL_32bit|RAM:D_Memory                                                     ;
;         |altsyncram:mem_rtl_0               ; 3.35 mW (0.00 mW)                    ; 3.30 mW (0.00 mW)               ; --                                ; 0.05 mW (0.00 mW)                 ; |RISCV_FINAL_32bit|RAM:D_Memory|altsyncram:mem_rtl_0                                ;
;             |altsyncram_qrp1:auto_generated ; 3.35 mW (3.35 mW)                    ; 3.30 mW (3.30 mW)               ; --                                ; 0.05 mW (0.05 mW)                 ; |RISCV_FINAL_32bit|RAM:D_Memory|altsyncram:mem_rtl_0|altsyncram_qrp1:auto_generated ;
;     |RAM:I_Memory                           ; 0.56 mW (0.00 mW)                    ; 0.48 mW (0.00 mW)               ; --                                ; 0.08 mW (0.00 mW)                 ; |RISCV_FINAL_32bit|RAM:I_Memory                                                     ;
;         |altsyncram:mem_rtl_0               ; 0.56 mW (0.00 mW)                    ; 0.48 mW (0.00 mW)               ; --                                ; 0.08 mW (0.00 mW)                 ; |RISCV_FINAL_32bit|RAM:I_Memory|altsyncram:mem_rtl_0                                ;
;             |altsyncram_qhf1:auto_generated ; 0.56 mW (0.56 mW)                    ; 0.48 mW (0.48 mW)               ; --                                ; 0.08 mW (0.08 mW)                 ; |RISCV_FINAL_32bit|RAM:I_Memory|altsyncram:mem_rtl_0|altsyncram_qhf1:auto_generated ;
;     |Control:MainControl                    ; 0.02 mW (0.02 mW)                    ; 0.01 mW (0.01 mW)               ; --                                ; 0.01 mW (0.01 mW)                 ; |RISCV_FINAL_32bit|Control:MainControl                                              ;
;     |Forwarding:Mainforwarding              ; 0.04 mW (0.04 mW)                    ; 0.02 mW (0.02 mW)               ; --                                ; 0.02 mW (0.02 mW)                 ; |RISCV_FINAL_32bit|Forwarding:Mainforwarding                                        ;
;     |PClogic:PClogic                        ; 0.09 mW (0.08 mW)                    ; 0.05 mW (0.04 mW)               ; --                                ; 0.04 mW (0.04 mW)                 ; |RISCV_FINAL_32bit|PClogic:PClogic                                                  ;
;         |BranchPredictor:BP                 ; 0.01 mW (0.01 mW)                    ; 0.01 mW (0.01 mW)               ; --                                ; 0.00 mW (0.00 mW)                 ; |RISCV_FINAL_32bit|PClogic:PClogic|BranchPredictor:BP                               ;
;     |hard_block:auto_generated_inst         ; 0.00 mW (0.00 mW)                    ; 0.00 mW (0.00 mW)               ; --                                ; 0.00 mW (0.00 mW)                 ; |RISCV_FINAL_32bit|hard_block:auto_generated_inst                                   ;
+---------------------------------------------+--------------------------------------+---------------------------------+-----------------------------------+-----------------------------------+-------------------------------------------------------------------------------------+
(1) Value in parentheses is the power consumed at that level of hierarchy. Value not in parentheses is the power consumed at that level of hierarchy plus the power consumed by all levels of hierarchy below it.

(2) The "Block Thermal Static Power" for all levels of hierarchy except the top-level hierarchy is part of the "Core Static Thermal Power Dissipation" value found on the PowerPlay Power Analyzer-->Summary report panel. The "Core Static Thermal Power Dissipation" also contains the thermal static power dissipated by the routing.


+-----------------------------------------------------------------+
; Core Dynamic Thermal Power Dissipation by Clock Domain          ;
+--------------+-----------------------+--------------------------+
; Clock Domain ; Clock Frequency (MHz) ; Total Core Dynamic Power ;
+--------------+-----------------------+--------------------------+
; CLOCK_50     ; 76.01                 ; 28.97                    ;
+--------------+-----------------------+--------------------------+


+------------------------------------------------------------------------------------------------------------------------------------+
; Current Drawn from Voltage Supplies Summary                                                                                        ;
+----------------+-------------------------+---------------------------+--------------------------+----------------------------------+
; Voltage Supply ; Total Current Drawn (1) ; Dynamic Current Drawn (1) ; Static Current Drawn (1) ; Minimum Power Supply Current (2) ;
+----------------+-------------------------+---------------------------+--------------------------+----------------------------------+
; VCC            ; 81.80 mA                ; 27.79 mA                  ; 54.00 mA                 ; 81.80 mA                         ;
; VCCIO          ; 10.60 mA                ; 9.50 mA                   ; 1.10 mA                  ; 10.60 mA                         ;
; VCCPD          ; 6.49 mA                 ; 3.96 mA                   ; 2.53 mA                  ; 6.49 mA                          ;
; VCCA_FPLL      ; 2.03 mA                 ; 0.00 mA                   ; 2.03 mA                  ; 2.03 mA                          ;
; VCCPGM         ; 0.33 mA                 ; 0.00 mA                   ; 0.33 mA                  ; 0.33 mA                          ;
; VCCBAT         ; 0.00 mA                 ; 0.00 mA                   ; 0.00 mA                  ; 0.00 mA                          ;
; VCCE_GXB       ; 0.00 mA                 ; 0.00 mA                   ; 0.00 mA                  ; 0.00 mA                          ;
; VCCL_GXB       ; 0.00 mA                 ; 0.00 mA                   ; 0.00 mA                  ; 0.00 mA                          ;
; VCCH_GXB       ; 0.00 mA                 ; 0.00 mA                   ; 0.00 mA                  ; 0.00 mA                          ;
; VCCAUX         ; 87.04 mA                ; 0.00 mA                   ; 87.04 mA                 ; 87.04 mA                         ;
; VCC_HPS        ; 9.57 mA                 ; 0.00 mA                   ; 9.57 mA                  ; 9.57 mA                          ;
; VCCIO_HPS      ; 0.00 mA                 ; 0.00 mA                   ; 0.00 mA                  ; 0.00 mA                          ;
; VCCPD_HPS      ; 0.00 mA                 ; 0.00 mA                   ; 0.00 mA                  ; 0.00 mA                          ;
; VCCRSTCLK_HPS  ; 0.14 mA                 ; 0.00 mA                   ; 0.14 mA                  ; 0.14 mA                          ;
; VCCPLL_HPS     ; 0.66 mA                 ; 0.00 mA                   ; 0.66 mA                  ; 0.66 mA                          ;
; VCCAUX_SHARED  ; 48.75 mA                ; 0.00 mA                   ; 48.75 mA                 ; 48.75 mA                         ;
+----------------+-------------------------+---------------------------+--------------------------+----------------------------------+
(1) Currents reported in columns "Total Current Drawn", "Dynamic Current Drawn", and "Static Current Drawn" are sufficient for user operation of the device.  
(2) Currents reported in column "Minimum Power Supply Current" do not include transient power-up currents. For transient power-up currents, see the device family datasheet, errata sheet, and/or ES guidelines document, as appropriate. 


+-----------------------------------------------------------------------------------------------+
; VCCIO Supply Current Drawn by I/O Bank                                                        ;
+----------+---------------+---------------------+-----------------------+----------------------+
; I/O Bank ; VCCIO Voltage ; Total Current Drawn ; Dynamic Current Drawn ; Static Current Drawn ;
+----------+---------------+---------------------+-----------------------+----------------------+
; B2L      ; --            ; --                  ; --                    ; --                   ;
; B1L      ; --            ; --                  ; --                    ; --                   ;
; B0L      ; --            ; --                  ; --                    ; --                   ;
; 3A       ; 2.5V          ; 0.07 mA             ; 0.00 mA               ; 0.07 mA              ;
; 3B       ; 3.3V          ; 0.17 mA             ; 0.09 mA               ; 0.08 mA              ;
; 4A       ; 3.3V          ; 9.72 mA             ; 9.40 mA               ; 0.32 mA              ;
; 5A       ; 2.5V          ; 0.07 mA             ; 0.00 mA               ; 0.07 mA              ;
; 5B       ; 2.5V          ; 0.07 mA             ; 0.00 mA               ; 0.07 mA              ;
; 6B       ; 2.5V          ; 0.07 mA             ; 0.00 mA               ; 0.07 mA              ;
; 6A       ; 2.5V          ; 0.07 mA             ; 0.00 mA               ; 0.07 mA              ;
; 7A       ; 2.5V          ; 0.07 mA             ; 0.00 mA               ; 0.07 mA              ;
; 7B       ; 2.5V          ; 0.07 mA             ; 0.00 mA               ; 0.07 mA              ;
; 7C       ; 2.5V          ; 0.07 mA             ; 0.00 mA               ; 0.07 mA              ;
; 7D       ; 2.5V          ; 0.07 mA             ; 0.00 mA               ; 0.07 mA              ;
; 8A       ; 2.5V          ; 0.07 mA             ; 0.00 mA               ; 0.07 mA              ;
; 9A       ; --            ; --                  ; --                    ; --                   ;
+----------+---------------+---------------------+-----------------------+----------------------+


+-----------------------------------------------------------------------------------------------------------------------------------+
; VCCIO Supply Current Drawn by Voltage                                                                                             ;
+---------------+-------------------------+---------------------------+--------------------------+----------------------------------+
; VCCIO Voltage ; Total Current Drawn (1) ; Dynamic Current Drawn (1) ; Static Current Drawn (1) ; Minimum Power Supply Current (2) ;
+---------------+-------------------------+---------------------------+--------------------------+----------------------------------+
; 2.5V          ; 0.71 mA                 ; 0.00 mA                   ; 0.71 mA                  ; 0.71 mA                          ;
; 3.3V          ; 9.90 mA                 ; 9.50 mA                   ; 0.40 mA                  ; 9.90 mA                          ;
+---------------+-------------------------+---------------------------+--------------------------+----------------------------------+
(1) Currents reported in columns "Total Current Drawn", "Dynamic Current Drawn", and "Static Current Drawn" are sufficient for user operation of the device.  
(2) Currents reported in column "Minimum Power Supply Current" do not include transient power-up currents. For transient power-up currents, see the device family datasheet, errata sheet, and/or ES guidelines document, as appropriate. 


+-----------------------------------------------------------------------------------------------+
; VCCPD Supply Current Drawn by I/O Bank                                                        ;
+----------+---------------+---------------------+-----------------------+----------------------+
; I/O Bank ; VCCPD Voltage ; Total Current Drawn ; Dynamic Current Drawn ; Static Current Drawn ;
+----------+---------------+---------------------+-----------------------+----------------------+
; B2L      ; --            ; --                  ; --                    ; --                   ;
; B1L      ; --            ; --                  ; --                    ; --                   ;
; B0L      ; --            ; --                  ; --                    ; --                   ;
; 3A       ; 2.5V          ; 0.20 mA             ; 0.00 mA               ; 0.20 mA              ;
; 3B       ; 3.3V          ; 0.21 mA             ; 0.01 mA               ; 0.20 mA              ;
; 4A       ; 3.3V          ; 4.32 mA             ; 3.95 mA               ; 0.37 mA              ;
; 5A       ; 2.5V          ; 0.20 mA             ; 0.00 mA               ; 0.20 mA              ;
; 5B       ; 2.5V          ; 0.20 mA             ; 0.00 mA               ; 0.20 mA              ;
; 6B       ; 2.5V          ; 0.20 mA             ; 0.00 mA               ; 0.20 mA              ;
; 6A       ; 2.5V          ; 0.20 mA             ; 0.00 mA               ; 0.20 mA              ;
; 7A       ; 2.5V          ; 0.20 mA             ; 0.00 mA               ; 0.20 mA              ;
; 7B       ; 2.5V          ; 0.20 mA             ; 0.00 mA               ; 0.20 mA              ;
; 7C       ; 2.5V          ; 0.20 mA             ; 0.00 mA               ; 0.20 mA              ;
; 7D       ; 2.5V          ; 0.20 mA             ; 0.00 mA               ; 0.20 mA              ;
; 8A       ; 2.5V          ; 0.20 mA             ; 0.00 mA               ; 0.20 mA              ;
; 9A       ; --            ; --                  ; --                    ; --                   ;
+----------+---------------+---------------------+-----------------------+----------------------+


+-----------------------------------------------------------------------------------------------------------------------------------+
; VCCPD Supply Current Drawn by Voltage                                                                                             ;
+---------------+-------------------------+---------------------------+--------------------------+----------------------------------+
; VCCPD Voltage ; Total Current Drawn (1) ; Dynamic Current Drawn (1) ; Static Current Drawn (1) ; Minimum Power Supply Current (2) ;
+---------------+-------------------------+---------------------------+--------------------------+----------------------------------+
; 2.5V          ; 1.96 mA                 ; 0.00 mA                   ; 1.96 mA                  ; 1.96 mA                          ;
; 3.3V          ; 4.53 mA                 ; 3.96 mA                   ; 0.57 mA                  ; 4.53 mA                          ;
+---------------+-------------------------+---------------------------+--------------------------+----------------------------------+
(1) Currents reported in columns "Total Current Drawn", "Dynamic Current Drawn", and "Static Current Drawn" are sufficient for user operation of the device.  
(2) Currents reported in column "Minimum Power Supply Current" do not include transient power-up currents. For transient power-up currents, see the device family datasheet, errata sheet, and/or ES guidelines document, as appropriate. 


+----------------------------------------------------------------------------------------------------------------------------------------------------+
; Confidence Metric Details                                                                                                                          ;
+----------------------------------------------------------------------------------------+--------------+------------+---------------+---------------+
; Data Source                                                                            ; Total        ; Pin        ; Registered    ; Combinational ;
+----------------------------------------------------------------------------------------+--------------+------------+---------------+---------------+
; Simulation (from file)                                                                 ;              ;            ;               ;               ;
;     -- Number of signals with Toggle Rate from Simulation                              ; 0 (0.0%)     ; 0 (0.0%)   ; 0 (0.0%)      ; 0 (0.0%)      ;
;     -- Number of signals with Static Probability from Simulation                       ; 0 (0.0%)     ; 0 (0.0%)   ; 0 (0.0%)      ; 0 (0.0%)      ;
;                                                                                        ;              ;            ;               ;               ;
; Node, entity or clock assignment                                                       ;              ;            ;               ;               ;
;     -- Number of signals with Toggle Rate from Node, entity or clock assignment        ; 2 (0.1%)     ; 1 (0.7%)   ; 0 (0.0%)      ; 1 (0.0%)      ;
;     -- Number of signals with Static Probability from Node, entity or clock assignment ; 2 (0.1%)     ; 1 (0.7%)   ; 0 (0.0%)      ; 1 (0.0%)      ;
;                                                                                        ;              ;            ;               ;               ;
; Vectorless estimation                                                                  ;              ;            ;               ;               ;
;     -- Number of signals with Toggle Rate from Vectorless estimation                   ; 3542 (97.8%) ; 72 (48.3%) ; 1317 (100.0%) ; 2153 (100.0%) ;
;     -- Number of signals with Zero toggle rate, from Vectorless estimation             ; 16 (0.4%)    ; 7 (4.7%)   ; 0 (0.0%)      ; 9 (0.4%)      ;
;     -- Number of signals with Static Probability from Vectorless estimation            ; 3542 (97.8%) ; 72 (48.3%) ; 1317 (100.0%) ; 2153 (100.0%) ;
;                                                                                        ;              ;            ;               ;               ;
; Default assignment                                                                     ;              ;            ;               ;               ;
;     -- Number of signals with Toggle Rate from Default assignment                      ; 66 (1.8%)    ; 66 (44.3%) ; 0 (0.0%)      ; 0 (0.0%)      ;
;     -- Number of signals with Static Probability from Default assignment               ; 76 (2.1%)    ; 76 (51.0%) ; 0 (0.0%)      ; 0 (0.0%)      ;
;                                                                                        ;              ;            ;               ;               ;
; Assumed 0                                                                              ;              ;            ;               ;               ;
;     -- Number of signals with Toggle Rate assumed 0                                    ; 10 (0.3%)    ; 10 (6.7%)  ; 0 (0.0%)      ; 0 (0.0%)      ;
+----------------------------------------------------------------------------------------+--------------+------------+---------------+---------------+


+---------------------------------------------------------------------------------------------------------------------------------------------+
; Signal Activities                                                                                                                           ;
+--------+------+---------------------------------------------+-------------------------+--------------------+--------------------------------+
; Signal ; Type ; Toggle Rate (millions of transitions / sec) ; Toggle Rate Data Source ; Static Probability ; Static Probability Data Source ;
+--------+------+---------------------------------------------+-------------------------+--------------------+--------------------------------+
(1) The "Signal Activity" Table has been hidden. To show this table, please select the "Write signal activities to report file" option under "PowerPlay Power Analyzer Settings".


+-------------------------+
; Power Analyzer Messages ;
+-------------------------+
Info: *******************************************************************
Info: Running Quartus Prime Power Analyzer
    Info: Version 20.1.0 Build 711 06/05/2020 SJ Standard Edition
    Info: Processing started: Sun Jun 04 21:18:50 2023
Info: Command: quartus_pow --read_settings_files=off --write_settings_files=off RISCV_FINAL_32bit -c RISCV_FINAL_32bit
Warning (18236): Number of processors has not been specified which may cause overloading on shared machines.  Set the global assignment NUM_PARALLEL_PROCESSORS in your QSF to an appropriate value for best performance.
Info (21077): Low junction temperature is 0 degrees C
Info (21077): High junction temperature is 85 degrees C
Info (332104): Reading SDC File: 'RISCV_FINAL_32bit.SDC'
Warning (332174): Ignored filter at RISCV_FINAL_32bit.sdc(9): CLOCK2_50 could not be matched with a port File: C:/Users/yibin/OneDrive/Desktop/181_Final/FINAL_synthesis/RISCV_FINAL_32bit.sdc Line: 9
Warning (332049): Ignored create_clock at RISCV_FINAL_32bit.sdc(9): Argument <targets> is an empty collection File: C:/Users/yibin/OneDrive/Desktop/181_Final/FINAL_synthesis/RISCV_FINAL_32bit.sdc Line: 9
    Info (332050): create_clock -period 20.000ns [get_ports CLOCK2_50] File: C:/Users/yibin/OneDrive/Desktop/181_Final/FINAL_synthesis/RISCV_FINAL_32bit.sdc Line: 9
Warning (332174): Ignored filter at RISCV_FINAL_32bit.sdc(10): CLOCK3_50 could not be matched with a port File: C:/Users/yibin/OneDrive/Desktop/181_Final/FINAL_synthesis/RISCV_FINAL_32bit.sdc Line: 10
Warning (332049): Ignored create_clock at RISCV_FINAL_32bit.sdc(10): Argument <targets> is an empty collection File: C:/Users/yibin/OneDrive/Desktop/181_Final/FINAL_synthesis/RISCV_FINAL_32bit.sdc Line: 10
    Info (332050): create_clock -period 20.000ns [get_ports CLOCK3_50] File: C:/Users/yibin/OneDrive/Desktop/181_Final/FINAL_synthesis/RISCV_FINAL_32bit.sdc Line: 10
Warning (332174): Ignored filter at RISCV_FINAL_32bit.sdc(11): CLOCK4_50 could not be matched with a port File: C:/Users/yibin/OneDrive/Desktop/181_Final/FINAL_synthesis/RISCV_FINAL_32bit.sdc Line: 11
Warning (332049): Ignored create_clock at RISCV_FINAL_32bit.sdc(11): Argument <targets> is an empty collection File: C:/Users/yibin/OneDrive/Desktop/181_Final/FINAL_synthesis/RISCV_FINAL_32bit.sdc Line: 11
    Info (332050): create_clock -period 20.000ns [get_ports CLOCK4_50] File: C:/Users/yibin/OneDrive/Desktop/181_Final/FINAL_synthesis/RISCV_FINAL_32bit.sdc Line: 11
Warning (332174): Ignored filter at RISCV_FINAL_32bit.sdc(15): altera_reserved_tck could not be matched with a port or pin or register or keeper or net or combinational node or node File: C:/Users/yibin/OneDrive/Desktop/181_Final/FINAL_synthesis/RISCV_FINAL_32bit.sdc Line: 15
Warning (332049): Ignored create_clock at RISCV_FINAL_32bit.sdc(15): Argument <targets> is not an object ID File: C:/Users/yibin/OneDrive/Desktop/181_Final/FINAL_synthesis/RISCV_FINAL_32bit.sdc Line: 15
    Info (332050): create_clock -name {altera_reserved_tck} -period 40 {altera_reserved_tck} File: C:/Users/yibin/OneDrive/Desktop/181_Final/FINAL_synthesis/RISCV_FINAL_32bit.sdc Line: 15
Warning (332174): Ignored filter at RISCV_FINAL_32bit.sdc(16): altera_reserved_tdi could not be matched with a port File: C:/Users/yibin/OneDrive/Desktop/181_Final/FINAL_synthesis/RISCV_FINAL_32bit.sdc Line: 16
Warning (332174): Ignored filter at RISCV_FINAL_32bit.sdc(16): altera_reserved_tck could not be matched with a clock File: C:/Users/yibin/OneDrive/Desktop/181_Final/FINAL_synthesis/RISCV_FINAL_32bit.sdc Line: 16
Warning (332049): Ignored set_input_delay at RISCV_FINAL_32bit.sdc(16): Argument <targets> is an empty collection File: C:/Users/yibin/OneDrive/Desktop/181_Final/FINAL_synthesis/RISCV_FINAL_32bit.sdc Line: 16
    Info (332050): set_input_delay -clock altera_reserved_tck -clock_fall 3 [get_ports altera_reserved_tdi] File: C:/Users/yibin/OneDrive/Desktop/181_Final/FINAL_synthesis/RISCV_FINAL_32bit.sdc Line: 16
Warning (332049): Ignored set_input_delay at RISCV_FINAL_32bit.sdc(16): Argument -clock is not an object ID File: C:/Users/yibin/OneDrive/Desktop/181_Final/FINAL_synthesis/RISCV_FINAL_32bit.sdc Line: 16
Warning (332174): Ignored filter at RISCV_FINAL_32bit.sdc(17): altera_reserved_tms could not be matched with a port File: C:/Users/yibin/OneDrive/Desktop/181_Final/FINAL_synthesis/RISCV_FINAL_32bit.sdc Line: 17
Warning (332049): Ignored set_input_delay at RISCV_FINAL_32bit.sdc(17): Argument <targets> is an empty collection File: C:/Users/yibin/OneDrive/Desktop/181_Final/FINAL_synthesis/RISCV_FINAL_32bit.sdc Line: 17
    Info (332050): set_input_delay -clock altera_reserved_tck -clock_fall 3 [get_ports altera_reserved_tms] File: C:/Users/yibin/OneDrive/Desktop/181_Final/FINAL_synthesis/RISCV_FINAL_32bit.sdc Line: 17
Warning (332049): Ignored set_input_delay at RISCV_FINAL_32bit.sdc(17): Argument -clock is not an object ID File: C:/Users/yibin/OneDrive/Desktop/181_Final/FINAL_synthesis/RISCV_FINAL_32bit.sdc Line: 17
Warning (332174): Ignored filter at RISCV_FINAL_32bit.sdc(18): altera_reserved_tdo could not be matched with a port File: C:/Users/yibin/OneDrive/Desktop/181_Final/FINAL_synthesis/RISCV_FINAL_32bit.sdc Line: 18
Warning (332049): Ignored set_output_delay at RISCV_FINAL_32bit.sdc(18): Argument <targets> is an empty collection File: C:/Users/yibin/OneDrive/Desktop/181_Final/FINAL_synthesis/RISCV_FINAL_32bit.sdc Line: 18
    Info (332050): set_output_delay -clock altera_reserved_tck 3 [get_ports altera_reserved_tdo] File: C:/Users/yibin/OneDrive/Desktop/181_Final/FINAL_synthesis/RISCV_FINAL_32bit.sdc Line: 18
Warning (332049): Ignored set_output_delay at RISCV_FINAL_32bit.sdc(18): Argument -clock is not an object ID File: C:/Users/yibin/OneDrive/Desktop/181_Final/FINAL_synthesis/RISCV_FINAL_32bit.sdc Line: 18
Info (332151): Clock uncertainty is not calculated until you update the timing netlist.
Info (332123): Deriving Clock Uncertainty. Please refer to report_sdc in the Timing Analyzer to see clock uncertainties.
Info (223000): Starting Vectorless Power Activity Estimation
Warning (222013): Relative toggle rates could not be calculated because no clock domain could be identified for some nodes
Info (223001): Completed Vectorless Power Activity Estimation
Critical Warning (215050): HPS power is being analyzed for a device with an HPS without HPS power.
Info (218000): Using Advanced I/O Power to simulate I/O buffers with the specified board trace model
Info (334003): Started post-fitting delay annotation
Info (334004): Delay annotation completed successfully
Info (215049): Average toggle rate for this design is 7.699 millions of transitions / sec
Info (215031): Total thermal power estimate for the design is 502.50 mW
Info: Quartus Prime Power Analyzer was successful. 0 errors, 21 warnings
    Info: Peak virtual memory: 5331 megabytes
    Info: Processing ended: Sun Jun 04 21:18:58 2023
    Info: Elapsed time: 00:00:08
    Info: Total CPU time (on all processors): 00:00:12


