

================================================================
== Vivado HLS Report for 'dut'
================================================================
* Date:           Sat Dec  9 13:01:53 2023

* Version:        2019.2.1 (Build 2724168 on Thu Dec 05 05:19:09 MST 2019)
* Project:        canny.prj
* Solution:       solution1
* Product family: zynq
* Target device:  xc7z020-clg484-1


================================================================
== Performance Estimates
================================================================
+ Timing: 
    * Summary: 
    +--------+----------+----------+------------+
    |  Clock |  Target  | Estimated| Uncertainty|
    +--------+----------+----------+------------+
    |ap_clk  | 10.00 ns | 8.724 ns |   1.25 ns  |
    +--------+----------+----------+------------+

+ Latency: 
    * Summary: 
    +----------+----------+-----------+-----------+----------+----------+---------+
    |   Latency (cycles)  |   Latency (absolute)  |       Interval      | Pipeline|
    |    min   |    max   |    min    |    max    |    min   |    max   |   Type  |
    +----------+----------+-----------+-----------+----------+----------+---------+
    |  17370126|  19598350| 0.174 sec | 0.196 sec |  17370126|  19598350|   none  |
    +----------+----------+-----------+-----------+----------+----------+---------+

    + Detail: 
        * Instance: 
        +------------------------------+-------------------+---------+----------+-----------+-----------+---------+----------+---------+
        |                              |                   |  Latency (cycles)  |   Latency (absolute)  |      Interval      | Pipeline|
        |           Instance           |       Module      |   min   |    max   |    min    |    max    |   min   |    max   |   Type  |
        +------------------------------+-------------------+---------+----------+-----------+-----------+---------+----------+---------+
        |grp_Sobel_256u_256u_s_fu_325  |Sobel_256u_256u_s  |  7930369|  10158593| 79.304 ms | 0.102 sec |  7930369|  10158593|   none  |
        |grp_GaussianBlur_fu_339       |GaussianBlur       |  6488577|   6488577| 64.886 ms | 64.886 ms |  6488577|   6488577|   none  |
        |grp_NonMaxSuppression_fu_348  |NonMaxSuppression  |   655873|    655873|  6.559 ms |  6.559 ms |   655873|    655873|   none  |
        |grp_HystThresholdComp_fu_358  |HystThresholdComp  |  1638913|   1638913| 16.389 ms | 16.389 ms |  1638913|   1638913|   none  |
        +------------------------------+-------------------+---------+----------+-----------+-----------+---------+----------+---------+

        * Loop: 
        +-------------+---------+---------+----------+-----------+-----------+-------+----------+
        |             |  Latency (cycles) | Iteration|  Initiation Interval  |  Trip |          |
        |  Loop Name  |   min   |   max   |  Latency |  achieved |   target  | Count | Pipelined|
        +-------------+---------+---------+----------+-----------+-----------+-------+----------+
        |- Loop 1     |   163840|   163840|        10|          -|          -|  16384|    no    |
        | + Loop 1.1  |        8|        8|         2|          -|          -|      4|    no    |
        |- Loop 2     |   131584|   131584|       514|          -|          -|    256|    no    |
        | + Loop 2.1  |      512|      512|         2|          -|          -|    256|    no    |
        |- Loop 3     |   197120|   197120|       770|          -|          -|    256|    no    |
        | + Loop 3.1  |      768|      768|         3|          -|          -|    256|    no    |
        |- Loop 4     |   163840|   163840|        10|          -|          -|  16384|    no    |
        | + Loop 4.1  |        8|        8|         2|          -|          -|      4|    no    |
        +-------------+---------+---------+----------+-----------+-----------+-------+----------+



================================================================
== Utilization Estimates
================================================================
* Summary: 
+-----------------+---------+-------+--------+-------+-----+
|       Name      | BRAM_18K| DSP48E|   FF   |  LUT  | URAM|
+-----------------+---------+-------+--------+-------+-----+
|DSP              |        -|      -|       -|      -|    -|
|Expression       |        -|      -|       0|   1282|    -|
|FIFO             |        -|      -|       -|      -|    -|
|Instance         |       14|      9|    4338|   6744|    0|
|Memory           |      232|      -|       0|      0|    0|
|Multiplexer      |        -|      -|       -|    479|    -|
|Register         |        -|      -|     354|      -|    -|
+-----------------+---------+-------+--------+-------+-----+
|Total            |      246|      9|    4692|   8505|    0|
+-----------------+---------+-------+--------+-------+-----+
|Available        |      280|    220|  106400|  53200|    0|
+-----------------+---------+-------+--------+-------+-----+
|Utilization (%)  |       87|      4|       4|     15|    0|
+-----------------+---------+-------+--------+-------+-----+

+ Detail: 
    * Instance: 
    +------------------------------+-------------------+---------+-------+------+------+-----+
    |           Instance           |       Module      | BRAM_18K| DSP48E|  FF  |  LUT | URAM|
    +------------------------------+-------------------+---------+-------+------+------+-----+
    |grp_GaussianBlur_fu_339       |GaussianBlur       |        5|      1|   480|   476|    0|
    |grp_HystThresholdComp_fu_358  |HystThresholdComp  |        3|      0|   187|   434|    0|
    |grp_NonMaxSuppression_fu_348  |NonMaxSuppression  |        3|      0|   206|   619|    0|
    |grp_Sobel_256u_256u_s_fu_325  |Sobel_256u_256u_s  |        3|      8|  3465|  5215|    0|
    +------------------------------+-------------------+---------+-------+------+------+-----+
    |Total                         |                   |       14|      9|  4338|  6744|    0|
    +------------------------------+-------------------+---------+-------+------+------+-----+

    * DSP48E: 
    N/A

    * Memory: 
    +---------------+----------------+---------+---+----+-----+-------+-----+------+-------------+
    |     Memory    |     Module     | BRAM_18K| FF| LUT| URAM| Words | Bits| Banks| W*Bits*Banks|
    +---------------+----------------+---------+---+----+-----+-------+-----+------+-------------+
    |fifo2_U        |dut_fifo2       |       32|  0|   0|    0|  65536|    8|     1|       524288|
    |fifo3_value_U  |dut_fifo2       |       32|  0|   0|    0|  65536|    8|     1|       524288|
    |fifo4_U        |dut_fifo2       |       32|  0|   0|    0|  65536|    8|     1|       524288|
    |fifo5_U        |dut_fifo2       |       32|  0|   0|    0|  65536|    8|     1|       524288|
    |fifo6_U        |dut_fifo2       |       32|  0|   0|    0|  65536|    8|     1|       524288|
    |fifo3_grad_U   |dut_fifo3_grad  |        8|  0|   0|    0|  65536|    2|     1|       131072|
    |input_U        |dut_input       |       32|  0|   0|    0|  65536|    8|     1|       524288|
    |output_U       |dut_input       |       32|  0|   0|    0|  65536|    8|     1|       524288|
    +---------------+----------------+---------+---+----+-----+-------+-----+------+-------------+
    |Total          |                |      232|  0|   0|    0| 524288|   58|     8|      3801088|
    +---------------+----------------+---------+---+----+-----+-------+-----+------+-------------+

    * FIFO: 
    N/A

    * Expression: 
    +--------------------------+----------+-------+---+-----+------------+------------+
    |       Variable Name      | Operation| DSP48E| FF| LUT | Bitwidth P0| Bitwidth P1|
    +--------------------------+----------+-------+---+-----+------------+------------+
    |add_ln461_fu_670_p2       |     +    |      0|  0|   23|          16|          16|
    |add_ln539_fu_590_p2       |     +    |      0|  0|   23|          16|          16|
    |add_ln69_fu_518_p2        |     +    |      0|  0|   24|           1|          17|
    |add_ln78_fu_755_p2        |     +    |      0|  0|   24|           1|          17|
    |i_2_fu_728_p2             |     +    |      0|  0|   24|          17|           3|
    |i_fu_377_p2               |     +    |      0|  0|   24|          17|           3|
    |j_1_fu_740_p2             |     +    |      0|  0|   12|           3|           1|
    |j_fu_389_p2               |     +    |      0|  0|   12|           3|           1|
    |xi_1_fu_664_p2            |     +    |      0|  0|   15|           9|           1|
    |xi_fu_584_p2              |     +    |      0|  0|   15|           9|           1|
    |yi_1_fu_636_p2            |     +    |      0|  0|   15|           9|           1|
    |yi_fu_530_p2              |     +    |      0|  0|   15|           9|           1|
    |sub_ln681_1_fu_448_p2     |     -    |      0|  0|   15|           6|           6|
    |sub_ln681_2_fu_477_p2     |     -    |      0|  0|   15|           5|           6|
    |sub_ln681_fu_436_p2       |     -    |      0|  0|   15|           6|           6|
    |and_ln388_1_fu_888_p2     |    and   |      0|  0|   32|          32|          32|
    |and_ln388_2_fu_894_p2     |    and   |      0|  0|   32|          32|          32|
    |and_ln388_fu_876_p2       |    and   |      0|  0|   32|          32|          32|
    |and_ln540_1_fu_560_p2     |    and   |      0|  0|    2|           1|           1|
    |and_ln540_2_fu_616_p2     |    and   |      0|  0|    2|           1|           1|
    |and_ln540_fu_612_p2       |    and   |      0|  0|    2|           1|           1|
    |ap_block_state19          |    and   |      0|  0|    2|           1|           1|
    |ap_block_state2           |    and   |      0|  0|    2|           1|           1|
    |p_Result_s_fu_503_p2      |    and   |      0|  0|   32|          32|          32|
    |icmp_ln388_fu_778_p2      |   icmp   |      0|  0|   11|           5|           5|
    |icmp_ln453_fu_630_p2      |   icmp   |      0|  0|   13|           9|          10|
    |icmp_ln454_fu_658_p2      |   icmp   |      0|  0|   13|           9|          10|
    |icmp_ln461_fu_680_p2      |   icmp   |      0|  0|   11|           8|           5|
    |icmp_ln464_fu_685_p2      |   icmp   |      0|  0|   11|           8|           7|
    |icmp_ln533_fu_524_p2      |   icmp   |      0|  0|   13|           9|          10|
    |icmp_ln534_fu_578_p2      |   icmp   |      0|  0|   13|           9|          10|
    |icmp_ln540_1_fu_554_p2    |   icmp   |      0|  0|   13|           9|           8|
    |icmp_ln540_2_fu_600_p2    |   icmp   |      0|  0|   13|           9|           3|
    |icmp_ln540_3_fu_606_p2    |   icmp   |      0|  0|   13|           9|           8|
    |icmp_ln540_fu_548_p2      |   icmp   |      0|  0|   13|           9|           3|
    |icmp_ln67_fu_383_p2       |   icmp   |      0|  0|    9|           3|           4|
    |icmp_ln681_fu_413_p2      |   icmp   |      0|  0|   11|           5|           5|
    |icmp_ln76_fu_734_p2       |   icmp   |      0|  0|    9|           3|           4|
    |lshr_ln388_fu_870_p2      |   lshr   |      0|  0|  101|           2|          32|
    |lshr_ln681_1_fu_497_p2    |   lshr   |      0|  0|  101|           2|          32|
    |lshr_ln681_fu_491_p2      |   lshr   |      0|  0|  101|          32|          32|
    |or_ln461_fu_703_p2        |    or    |      0|  0|    2|           1|           1|
    |or_ln68_fu_407_p2         |    or    |      0|  0|    5|           3|           5|
    |or_ln77_fu_768_p2         |    or    |      0|  0|    5|           3|           5|
    |p_Result_2_fu_900_p2      |    or    |      0|  0|   32|          32|          32|
    |fifo5_d0                  |  select  |      0|  0|    8|           1|           8|
    |select_ln388_1_fu_806_p3  |  select  |      0|  0|    6|           1|           6|
    |select_ln388_2_fu_814_p3  |  select  |      0|  0|    6|           1|           6|
    |select_ln388_3_fu_856_p3  |  select  |      0|  0|   32|           1|          32|
    |select_ln388_fu_798_p3    |  select  |      0|  0|    6|           1|           6|
    |select_ln461_1_fu_707_p3  |  select  |      0|  0|    2|           1|           2|
    |select_ln461_fu_695_p3    |  select  |      0|  0|    2|           1|           2|
    |select_ln681_1_fu_462_p3  |  select  |      0|  0|   32|           1|          32|
    |select_ln681_2_fu_469_p3  |  select  |      0|  0|    6|           1|           6|
    |select_ln681_fu_454_p3    |  select  |      0|  0|    6|           1|           6|
    |shl_ln388_1_fu_864_p2     |    shl   |      0|  0|  101|           2|          32|
    |shl_ln388_fu_840_p2       |    shl   |      0|  0|  101|          32|          32|
    |xor_ln388_1_fu_822_p2     |    xor   |      0|  0|    6|           6|           5|
    |xor_ln388_2_fu_882_p2     |    xor   |      0|  0|   32|           2|          32|
    |xor_ln388_fu_792_p2       |    xor   |      0|  0|    6|           6|           5|
    |xor_ln461_fu_690_p2       |    xor   |      0|  0|    2|           1|           2|
    |xor_ln681_fu_442_p2       |    xor   |      0|  0|    6|           6|           5|
    +--------------------------+----------+-------+---+-----+------------+------------+
    |Total                     |          |      0|  0| 1282|         504|         679|
    +--------------------------+----------+-------+---+-----+------------+------------+

    * Multiplexer: 
    +----------------------+-----+-----------+-----+-----------+
    |         Name         | LUT | Input Size| Bits| Total Bits|
    +----------------------+-----+-----------+-----+-----------+
    |ap_NS_fsm             |  101|         21|    1|         21|
    |fifo2_address0        |   15|          3|   16|         48|
    |fifo2_ce0             |   15|          3|    1|          3|
    |fifo2_we0             |    9|          2|    1|          2|
    |fifo3_grad_address0   |   15|          3|   16|         48|
    |fifo3_grad_ce0        |   15|          3|    1|          3|
    |fifo3_grad_we0        |    9|          2|    1|          2|
    |fifo3_value_address0  |   15|          3|   16|         48|
    |fifo3_value_ce0       |   15|          3|    1|          3|
    |fifo3_value_we0       |    9|          2|    1|          2|
    |fifo4_address0        |   15|          3|   16|         48|
    |fifo4_ce0             |   15|          3|    1|          3|
    |fifo4_we0             |    9|          2|    1|          2|
    |fifo5_address0        |   15|          3|   16|         48|
    |fifo6_address0        |   15|          3|   16|         48|
    |fifo6_ce0             |   15|          3|    1|          3|
    |i1_0_reg_292          |    9|          2|   17|         34|
    |i1_1_reg_304          |    9|          2|   17|         34|
    |i_0_reg_214           |    9|          2|   17|         34|
    |i_1_reg_226           |    9|          2|   17|         34|
    |input_address0        |   15|          3|   16|         48|
    |input_ce0             |   15|          3|    1|          3|
    |j2_0_reg_314          |    9|          2|    3|          6|
    |j_0_reg_237           |    9|          2|    3|          6|
    |output_address0       |   15|          3|   16|         48|
    |output_ce0            |   15|          3|    1|          3|
    |output_we0            |    9|          2|    1|          2|
    |strm_in_V_V_blk_n     |    9|          2|    1|          2|
    |strm_out_V_V_blk_n    |    9|          2|    1|          2|
    |xi_0_i_i_reg_259      |    9|          2|    9|         18|
    |xi_0_i_reg_281        |    9|          2|    9|         18|
    |yi_0_i_i_reg_248      |    9|          2|    9|         18|
    |yi_0_i_reg_270        |    9|          2|    9|         18|
    +----------------------+-----+-----------+-----+-----------+
    |Total                 |  479|        100|  253|        660|
    +----------------------+-----+-----------+-----+-----------+

    * Register: 
    +-------------------------------------------+----+----+-----+-----------+
    |                    Name                   | FF | LUT| Bits| Const Bits|
    +-------------------------------------------+----+----+-----+-----------+
    |add_ln78_reg_1073                          |  17|   0|   17|          0|
    |and_ln540_1_reg_956                        |   1|   0|    1|          0|
    |ap_CS_fsm                                  |  20|   0|   20|          0|
    |grp_GaussianBlur_fu_339_ap_start_reg       |   1|   0|    1|          0|
    |grp_HystThresholdComp_fu_358_ap_start_reg  |   1|   0|    1|          0|
    |grp_NonMaxSuppression_fu_348_ap_start_reg  |   1|   0|    1|          0|
    |grp_Sobel_256u_256u_s_fu_325_ap_start_reg  |   1|   0|    1|          0|
    |hist_hthr                                  |   0|   0|    8|          8|
    |hist_lthr                                  |   0|   0|    8|          8|
    |i1_0_reg_292                               |  17|   0|   17|          0|
    |i1_1_reg_304                               |  17|   0|   17|          0|
    |i_0_reg_214                                |  17|   0|   17|          0|
    |i_1_reg_226                                |  17|   0|   17|          0|
    |i_2_reg_1050                               |  17|   0|   17|          0|
    |i_reg_920                                  |  17|   0|   17|          0|
    |icmp_ln461_reg_1036                        |   1|   0|    1|          0|
    |icmp_ln464_reg_1042                        |   1|   0|    1|          0|
    |icmp_ln540_2_reg_989                       |   1|   0|    1|          0|
    |icmp_ln540_3_reg_994                       |   1|   0|    1|          0|
    |j2_0_reg_314                               |   3|   0|    3|          0|
    |j_0_reg_237                                |   3|   0|    3|          0|
    |j_1_reg_1058                               |   3|   0|    3|          0|
    |j_reg_928                                  |   3|   0|    3|          0|
    |shl_ln1_reg_1007                           |   8|   0|   16|          8|
    |shl_ln_reg_951                             |   8|   0|   16|          8|
    |tmp_V_2_reg_914                            |  32|   0|   32|          0|
    |tmp_V_fu_126                               |  32|   0|   32|          0|
    |trunc_ln68_1_reg_933                       |   8|   0|    8|          0|
    |trunc_ln77_reg_1063                        |   2|   0|    2|          0|
    |xi_0_i_i_reg_259                           |   9|   0|    9|          0|
    |xi_0_i_reg_281                             |   9|   0|    9|          0|
    |xi_1_reg_1021                              |   9|   0|    9|          0|
    |xi_reg_974                                 |   9|   0|    9|          0|
    |yi_0_i_i_reg_248                           |   9|   0|    9|          0|
    |yi_0_i_reg_270                             |   9|   0|    9|          0|
    |yi_1_reg_1002                              |   9|   0|    9|          0|
    |yi_reg_946                                 |   9|   0|    9|          0|
    |zext_ln461_reg_1026                        |  16|   0|   64|         48|
    |zext_ln539_reg_979                         |  16|   0|   64|         48|
    +-------------------------------------------+----+----+-----+-----------+
    |Total                                      | 354|   0|  482|        128|
    +-------------------------------------------+----+----+-----+-----------+



================================================================
== Interface
================================================================
* Summary: 
+---------------------+-----+-----+------------+--------------+--------------+
|      RTL Ports      | Dir | Bits|  Protocol  | Source Object|    C Type    |
+---------------------+-----+-----+------------+--------------+--------------+
|ap_clk               |  in |    1| ap_ctrl_hs |      dut     | return value |
|ap_rst               |  in |    1| ap_ctrl_hs |      dut     | return value |
|ap_start             |  in |    1| ap_ctrl_hs |      dut     | return value |
|ap_done              | out |    1| ap_ctrl_hs |      dut     | return value |
|ap_idle              | out |    1| ap_ctrl_hs |      dut     | return value |
|ap_ready             | out |    1| ap_ctrl_hs |      dut     | return value |
|strm_in_V_V_dout     |  in |   32|   ap_fifo  |  strm_in_V_V |    pointer   |
|strm_in_V_V_empty_n  |  in |    1|   ap_fifo  |  strm_in_V_V |    pointer   |
|strm_in_V_V_read     | out |    1|   ap_fifo  |  strm_in_V_V |    pointer   |
|strm_out_V_V_din     | out |   32|   ap_fifo  | strm_out_V_V |    pointer   |
|strm_out_V_V_full_n  |  in |    1|   ap_fifo  | strm_out_V_V |    pointer   |
|strm_out_V_V_write   | out |    1|   ap_fifo  | strm_out_V_V |    pointer   |
+---------------------+-----+-----+------------+--------------+--------------+

