

================================================================
== Vivado HLS Report for 'dut'
================================================================
* Date:           Mon Dec 11 02:33:41 2023

* Version:        2019.2.1 (Build 2724168 on Thu Dec 05 05:19:09 MST 2019)
* Project:        canny.prj
* Solution:       solution1
* Product family: zynq
* Target device:  xc7z020-clg484-1


================================================================
== Performance Estimates
================================================================
+ Timing: 
    * Summary: 
    +--------+----------+----------+------------+
    |  Clock |  Target  | Estimated| Uncertainty|
    +--------+----------+----------+------------+
    |ap_clk  | 10.00 ns | 8.724 ns |   1.25 ns  |
    +--------+----------+----------+------------+

+ Latency: 
    * Summary: 
    +----------+----------+-----------+-----------+----------+----------+---------+
    |   Latency (cycles)  |   Latency (absolute)  |       Interval      | Pipeline|
    |    min   |    max   |    min    |    max    |    min   |    max   |   Type  |
    +----------+----------+-----------+-----------+----------+----------+---------+
    |  15171585|  17399809| 0.152 sec | 0.174 sec |  15171585|  17399809|   none  |
    +----------+----------+-----------+-----------+----------+----------+---------+

    + Detail: 
        * Instance: 
        +------------------------------+-------------------+---------+---------+-----------+-----------+-----+-----+---------+
        |                              |                   |  Latency (cycles) |   Latency (absolute)  |  Interval | Pipeline|
        |           Instance           |       Module      |   min   |   max   |    min    |    max    | min | max |   Type  |
        +------------------------------+-------------------+---------+---------+-----------+-----------+-----+-----+---------+
        |grp_Sobel_256u_256u_s_fu_276  |Sobel_256u_256u_s  |      121|      155|  1.210 us |  1.550 us |  121|  155|   none  |
        |grp_NonMaxSuppression_fu_288  |NonMaxSuppression  |        9|        9| 90.000 ns | 90.000 ns |    9|    9|   none  |
        |grp_GaussianBlur_fu_322       |GaussianBlur       |       55|       55|  0.550 us |  0.550 us |   55|   55|   none  |
        |grp_HystThresholdComp_fu_333  |HystThresholdComp  |       33|       33|  0.330 us |  0.330 us |   33|   33|   none  |
        +------------------------------+-------------------+---------+---------+-----------+-----------+-----+-----+---------+

        * Loop: 
        +-------------+----------+----------+------------+-----------+-----------+-------+----------+
        |             |   Latency (cycles)  |  Iteration |  Initiation Interval  |  Trip |          |
        |  Loop Name  |    min   |    max   |   Latency  |  achieved |   target  | Count | Pipelined|
        +-------------+----------+----------+------------+-----------+-----------+-------+----------+
        |- Loop 1     |  15171584|  17399808| 926 ~ 1062 |          -|          -|  16384|    no    |
        | + Loop 1.1  |       924|      1060|  231 ~ 265 |          -|          -|      4|    no    |
        +-------------+----------+----------+------------+-----------+-----------+-------+----------+



================================================================
== Utilization Estimates
================================================================
* Summary: 
+-----------------+---------+-------+--------+-------+-----+
|       Name      | BRAM_18K| DSP48E|   FF   |  LUT  | URAM|
+-----------------+---------+-------+--------+-------+-----+
|DSP              |        -|      -|       -|      -|    -|
|Expression       |        -|      -|       0|   1048|    -|
|FIFO             |        0|      -|      35|    244|    -|
|Instance         |       13|     12|    2518|   4590|    0|
|Memory           |        -|      -|       -|      -|    -|
|Multiplexer      |        -|      -|       -|    203|    -|
|Register         |        -|      -|     195|      -|    -|
+-----------------+---------+-------+--------+-------+-----+
|Total            |       13|     12|    2748|   6085|    0|
+-----------------+---------+-------+--------+-------+-----+
|Available        |      280|    220|  106400|  53200|    0|
+-----------------+---------+-------+--------+-------+-----+
|Utilization (%)  |        4|      5|       2|     11|    0|
+-----------------+---------+-------+--------+-------+-----+

+ Detail: 
    * Instance: 
    +------------------------------+-------------------+---------+-------+------+------+-----+
    |           Instance           |       Module      | BRAM_18K| DSP48E|  FF  |  LUT | URAM|
    +------------------------------+-------------------+---------+-------+------+------+-----+
    |grp_GaussianBlur_fu_322       |GaussianBlur       |        2|      2|   206|   493|    0|
    |grp_HystThresholdComp_fu_333  |HystThresholdComp  |        3|      0|   177|   431|    0|
    |grp_NonMaxSuppression_fu_288  |NonMaxSuppression  |        6|      0|   257|   488|    0|
    |grp_Sobel_256u_256u_s_fu_276  |Sobel_256u_256u_s  |        2|     10|  1878|  3178|    0|
    +------------------------------+-------------------+---------+-------+------+------+-----+
    |Total                         |                   |       13|     12|  2518|  4590|    0|
    +------------------------------+-------------------+---------+-------+------+------+-----+

    * DSP48E: 
    N/A

    * Memory: 
    N/A

    * FIFO: 
    +----------------------------+---------+---+----+-----+------+-----+---------+
    |            Name            | BRAM_18K| FF| LUT| URAM| Depth| Bits| Size:D*B|
    +----------------------------+---------+---+----+-----+------+-----+---------+
    |pixel_in_stream_V_V_fifo_U  |        0|  5|   0|    -|     1|   24|       24|
    |pixel_out_stream_V_fifo_U   |        0|  5|   0|    -|     1|    8|        8|
    |stream1_V_V_fifo_U          |        0|  5|   0|    -|     1|   24|       24|
    |stream2_V_V_fifo_U          |        0|  5|   0|    -|     1|   32|       32|
    |stream3_V_V_fifo_U          |        0|  5|   0|    -|     1|   24|       24|
    |stream4_V_V_fifo_U          |        0|  5|   0|    -|     1|   24|       24|
    |stream5_V_V_fifo_U          |        0|  5|   0|    -|     1|   24|       24|
    +----------------------------+---------+---+----+-----+------+-----+---------+
    |Total                       |        0| 35|   0|    0|     7|  160|      160|
    +----------------------------+---------+---+----+-----+------+-----+---------+

    * Expression: 
    +--------------------------+----------+-------+---+-----+------------+------------+
    |       Variable Name      | Operation| DSP48E| FF| LUT | Bitwidth P0| Bitwidth P1|
    +--------------------------+----------+-------+---+-----+------------+------------+
    |i_fu_372_p2               |     +    |      0|  0|   21|          15|           1|
    |j_fu_406_p2               |     +    |      0|  0|   12|           3|           1|
    |xi_fu_416_p2              |     +    |      0|  0|   15|           8|           8|
    |sub_ln647_1_fu_470_p2     |     -    |      0|  0|   15|           6|           6|
    |sub_ln647_2_fu_499_p2     |     -    |      0|  0|   15|           5|           6|
    |sub_ln647_fu_458_p2       |     -    |      0|  0|   15|           6|           6|
    |and_ln388_1_fu_808_p2     |    and   |      0|  0|   32|          32|          32|
    |and_ln388_2_fu_814_p2     |    and   |      0|  0|   32|          32|          32|
    |and_ln388_fu_796_p2       |    and   |      0|  0|   32|          32|          32|
    |and_ln528_1_fu_603_p2     |    and   |      0|  0|    2|           1|           1|
    |and_ln528_2_fu_609_p2     |    and   |      0|  0|    2|           1|           1|
    |and_ln528_fu_597_p2       |    and   |      0|  0|    2|           1|           1|
    |ap_block_state2           |    and   |      0|  0|    2|           1|           1|
    |ap_block_state3           |    and   |      0|  0|    2|           1|           1|
    |p_Result_s_fu_525_p2      |    and   |      0|  0|   32|          32|          32|
    |grp_fu_358_p2             |   icmp   |      0|  0|   11|           5|           5|
    |icmp_ln429_fu_643_p2      |   icmp   |      0|  0|   11|           8|           5|
    |icmp_ln432_fu_649_p2      |   icmp   |      0|  0|   11|           8|           7|
    |icmp_ln528_1_fu_579_p2    |   icmp   |      0|  0|   11|           8|           4|
    |icmp_ln528_2_fu_585_p2    |   icmp   |      0|  0|   11|           8|           3|
    |icmp_ln528_3_fu_591_p2    |   icmp   |      0|  0|   11|           8|           4|
    |icmp_ln528_fu_573_p2      |   icmp   |      0|  0|   11|           8|           3|
    |icmp_ln77_fu_366_p2       |   icmp   |      0|  0|   13|          15|          16|
    |icmp_ln81_fu_400_p2       |   icmp   |      0|  0|    9|           3|           4|
    |lshr_ln388_fu_790_p2      |   lshr   |      0|  0|  101|           2|          32|
    |lshr_ln647_1_fu_519_p2    |   lshr   |      0|  0|  101|           2|          32|
    |lshr_ln647_fu_513_p2      |   lshr   |      0|  0|  101|          32|          32|
    |or_ln429_fu_678_p2        |    or    |      0|  0|    2|           1|           1|
    |or_ln89_fu_434_p2         |    or    |      0|  0|    5|           3|           5|
    |p_Result_4_fu_820_p2      |    or    |      0|  0|   32|          32|          32|
    |select_ln388_1_fu_726_p3  |  select  |      0|  0|    6|           1|           6|
    |select_ln388_2_fu_734_p3  |  select  |      0|  0|    6|           1|           6|
    |select_ln388_3_fu_776_p3  |  select  |      0|  0|   32|           1|          32|
    |select_ln388_fu_718_p3    |  select  |      0|  0|    6|           1|           6|
    |select_ln429_1_fu_682_p3  |  select  |      0|  0|    2|           1|           2|
    |select_ln429_fu_670_p3    |  select  |      0|  0|    2|           1|           2|
    |select_ln647_1_fu_484_p3  |  select  |      0|  0|   32|           1|          32|
    |select_ln647_2_fu_491_p3  |  select  |      0|  0|    6|           1|           6|
    |select_ln647_fu_476_p3    |  select  |      0|  0|    6|           1|           6|
    |tmp_V_4_fu_623_p3         |  select  |      0|  0|   24|           1|          24|
    |shl_ln388_1_fu_784_p2     |    shl   |      0|  0|  101|           2|          32|
    |shl_ln388_fu_760_p2       |    shl   |      0|  0|  101|          32|          32|
    |xor_ln388_1_fu_742_p2     |    xor   |      0|  0|    6|           6|           5|
    |xor_ln388_2_fu_802_p2     |    xor   |      0|  0|   32|           2|          32|
    |xor_ln388_fu_712_p2       |    xor   |      0|  0|    6|           6|           5|
    |xor_ln429_fu_665_p2       |    xor   |      0|  0|    2|           1|           2|
    |xor_ln647_fu_464_p2       |    xor   |      0|  0|    6|           6|           5|
    +--------------------------+----------+-------+---+-----+------------+------------+
    |Total                     |          |      0|  0| 1048|         384|         581|
    +--------------------------+----------+-------+---+-----+------------+------------+

    * Multiplexer: 
    +--------------------------+----+-----------+-----+-----------+
    |           Name           | LUT| Input Size| Bits| Total Bits|
    +--------------------------+----+-----------+-----+-----------+
    |ap_NS_fsm                 |  65|         16|    1|         16|
    |grp_fu_358_p0             |  15|          3|    5|         15|
    |grp_fu_358_p1             |  15|          3|    5|         15|
    |i_0_reg_254               |   9|          2|   15|         30|
    |j_0_reg_265               |   9|          2|    3|          6|
    |pixel_in_stream_V_V_read  |   9|          2|    1|          2|
    |pixel_out_stream_V_write  |   9|          2|    1|          2|
    |stream1_V_V_read          |   9|          2|    1|          2|
    |stream1_V_V_write         |   9|          2|    1|          2|
    |stream2_V_V_read          |   9|          2|    1|          2|
    |stream2_V_V_write         |   9|          2|    1|          2|
    |stream3_V_V_write         |   9|          2|    1|          2|
    |stream5_V_V_read          |   9|          2|    1|          2|
    |strm_in_V_V_blk_n         |   9|          2|    1|          2|
    |strm_out_V_V_blk_n        |   9|          2|    1|          2|
    +--------------------------+----+-----------+-----+-----------+
    |Total                     | 203|         46|   39|        102|
    +--------------------------+----+-----------+-----+-----------+

    * Register: 
    +-------------------------------------------+----+----+-----+-----------+
    |                    Name                   | FF | LUT| Bits| Const Bits|
    +-------------------------------------------+----+----+-----+-----------+
    |Lo_assign_reg_886                          |   2|   0|    5|          3|
    |ap_CS_fsm                                  |  15|   0|   15|          0|
    |grp_GaussianBlur_fu_322_ap_start_reg       |   1|   0|    1|          0|
    |grp_HystThresholdComp_fu_333_ap_start_reg  |   1|   0|    1|          0|
    |grp_NonMaxSuppression_fu_288_ap_start_reg  |   1|   0|    1|          0|
    |grp_Sobel_256u_256u_s_fu_276_ap_start_reg  |   1|   0|    1|          0|
    |hist_hthr                                  |   0|   0|    8|          8|
    |hist_lthr                                  |   0|   0|    8|          8|
    |i_0_reg_254                                |  15|   0|   15|          0|
    |i_reg_852                                  |  15|   0|   15|          0|
    |icmp_ln429_reg_908                         |   1|   0|    1|          0|
    |icmp_ln432_reg_914                         |   1|   0|    1|          0|
    |j_0_reg_265                                |   3|   0|    3|          0|
    |j_reg_876                                  |   3|   0|    3|          0|
    |or_ln89_reg_892                            |   2|   0|    5|          3|
    |shl_ln_reg_868                             |   6|   0|    8|          2|
    |tmp_V_4_reg_903                            |  24|   0|   24|          0|
    |tmp_V_8_reg_857                            |  32|   0|   32|          0|
    |tmp_V_fu_192                               |  32|   0|   32|          0|
    |tmp_i2_i_reg_919                           |  16|   0|   16|          0|
    |trunc_ln215_reg_898                        |   8|   0|    8|          0|
    |xi_reg_881                                 |   8|   0|    8|          0|
    |yi_reg_863                                 |   8|   0|    8|          0|
    +-------------------------------------------+----+----+-----+-----------+
    |Total                                      | 195|   0|  219|         24|
    +-------------------------------------------+----+----+-----+-----------+



================================================================
== Interface
================================================================
* Summary: 
+---------------------+-----+-----+------------+--------------+--------------+
|      RTL Ports      | Dir | Bits|  Protocol  | Source Object|    C Type    |
+---------------------+-----+-----+------------+--------------+--------------+
|ap_clk               |  in |    1| ap_ctrl_hs |      dut     | return value |
|ap_rst               |  in |    1| ap_ctrl_hs |      dut     | return value |
|ap_start             |  in |    1| ap_ctrl_hs |      dut     | return value |
|ap_done              | out |    1| ap_ctrl_hs |      dut     | return value |
|ap_idle              | out |    1| ap_ctrl_hs |      dut     | return value |
|ap_ready             | out |    1| ap_ctrl_hs |      dut     | return value |
|strm_in_V_V_dout     |  in |   32|   ap_fifo  |  strm_in_V_V |    pointer   |
|strm_in_V_V_empty_n  |  in |    1|   ap_fifo  |  strm_in_V_V |    pointer   |
|strm_in_V_V_read     | out |    1|   ap_fifo  |  strm_in_V_V |    pointer   |
|strm_out_V_V_din     | out |   32|   ap_fifo  | strm_out_V_V |    pointer   |
|strm_out_V_V_full_n  |  in |    1|   ap_fifo  | strm_out_V_V |    pointer   |
|strm_out_V_V_write   | out |    1|   ap_fifo  | strm_out_V_V |    pointer   |
+---------------------+-----+-----+------------+--------------+--------------+

